mode: set
github.com/jeanmolossi/effective-eureka/src/core/courses/usecase/create_course.go:10.72,14.2 1 1
github.com/jeanmolossi/effective-eureka/src/core/courses/usecase/create_course.go:17.73,20.2 2 1
github.com/jeanmolossi/effective-eureka/src/core/courses/usecase/get_course_by_id.go:10.46,12.2 1 0
github.com/jeanmolossi/effective-eureka/src/core/courses/usecase/get_course_by_id.go:14.69,16.2 1 0
github.com/jeanmolossi/effective-eureka/src/core/courses/domain/course.go:13.84,21.2 1 1
github.com/jeanmolossi/effective-eureka/src/core/courses/domain/course.go:24.39,26.2 1 1
github.com/jeanmolossi/effective-eureka/src/core/courses/domain/course.go:29.42,31.2 1 1
github.com/jeanmolossi/effective-eureka/src/core/courses/domain/course.go:34.42,36.2 1 1
github.com/jeanmolossi/effective-eureka/src/core/courses/domain/course.go:39.41,41.2 1 1
github.com/jeanmolossi/effective-eureka/src/core/courses/domain/course.go:44.43,46.2 1 1
github.com/jeanmolossi/effective-eureka/src/core/courses/domain/course.go:49.47,51.2 1 1
github.com/jeanmolossi/effective-eureka/src/core/courses/domain/course.go:54.53,56.2 1 1
github.com/jeanmolossi/effective-eureka/src/core/courses/domain/course.go:59.53,61.2 1 1
github.com/jeanmolossi/effective-eureka/src/core/courses/domain/course.go:64.51,66.2 1 1
github.com/jeanmolossi/effective-eureka/src/core/courses/domain/course.go:69.34,71.2 1 1
github.com/jeanmolossi/effective-eureka/src/core/courses/domain/course.go:74.36,76.2 1 1
